"str"""
"str""ing"
"hi"
"str""""ing"
"str""i""ng"
