sat
((((_ to_fp 5 11) RTN (/ 1 1000000)) #b0000000000010000))
((((_ to_fp 5 11) RTP (/ 1.2 5)) #b0011001110101111))
((((_ to_fp 5 11) RTZ (/ 1.2 3.25)) #b0011010111101000))
