sat
((((_ to_fp 5 11) RNA 0.1) #b0010111001100110))
