log/regmismatch.smt2:3:10: first argument of 'bvsle' is of sort 1 but argument 2 is of sort 2
