log/smt2perr000.smt2:1:10: first argument of 'bvsle' is of sort 2 but argument 2 is of sort 1
