log/smt2perr078.smt2:1:10: first argument of '=' is of sort 2 but argument 3 is of sort 1
