log/smt2perr081.smt2:3:10: first argument of '=' is an array of values of sort 4 but argument 2 is an array of values of sort 6
