log/smt2perr175.smt2:1:49: invalid zero bit-width
