log/smt2perr080.smt2:3:10: first argument of '=' is an array of values of sort 5 but argument 2 is an array of values of sort 8
