log/smt2perr174.smt2:1:47: invalid zero bit-width
