log/smt2perr068.smt2:2:16: index sort of array (first) argument and sort of index (second) argument to 'store' do not match
