log/smt2perr002.smt2:2:12: first argument of 'bvsle' is of sort 2 but argument 2 is of sort 1
