log/smt2perr173.smt2:1:47: invalid zero bit-width
