log/smt2perr172.smt2:2:43: invalid argument to 'fp', expected bit-vector constant
