log/smt2perr174.smt2:1:49: invalid zero bit-width
